// Jest Snapshot v1, https://goo.gl/fbAQLP

exports[`[tool] prettify Should prettify a nested object and indent using spaces 1`] = `
"{
    \\"a\\": {
        \\"p\\": 100,
        \\"s\\": {
            \\"i\\": 10,
            \\"u\\": 5,
            \\"x\\": 50
        }
    },
    \\"y\\": 20,
    \\"z\\": 10
}"
`;

exports[`[tool] prettify Should prettify a package.json file and indent using tab 1`] = `
"{
	\\"author\\": \\"Simon Reinisch <trash@reinisch.io>\\",
	\\"bin\\": {
		\\"lint-i18n\\": \\"bin/cli.js\\"
	},
	\\"description\\": \\"Locales linter, formatter, sorter and prettifier\\",
	\\"emptyArray\\": [],
	\\"emptyObj\\": {},
	\\"keywords\\": [
		\\"lint\\",
		\\"linter\\",
		\\"i18n\\",
		\\"locales\\",
		\\"translation\\",
		\\"formatter\\",
		\\"prettier\\",
		{
			\\"@babel/core\\": \\"^7.12.3\\",
			\\"@babel/preset-env\\": \\"^7.12.1\\",
			\\"@babel/preset-typescript\\": \\"^7.12.1\\",
			\\"@rollup/plugin-replace\\": \\"^2.3.4\\",
			\\"@types/jest\\": \\"^26.0.15\\",
			\\"@typescript-eslint/eslint-plugin\\": \\"^4.6.1\\",
			\\"@typescript-eslint/parser\\": \\"^4.6.1\\",
			\\"@wessberg/rollup-plugin-ts\\": \\"^1.3.7\\",
			\\"babel-jest\\": \\"^26.6.3\\",
			\\"cross-env\\": \\"^7.0.2\\",
			\\"eslint\\": \\"^7.12.1\\",
			\\"eslint-config-simon\\": \\"^2.1.0\\",
			\\"jest\\": \\"^26.6.3\\",
			\\"rollup\\": \\"^2.33.1\\",
			\\"rollup-plugin-terser\\": \\"^7.0.2\\",
			\\"typescript\\": \\"^4.0.5\\"
		}
	],
	\\"license\\": \\"MIT\\",
	\\"main\\": \\"./lib/index.min.js\\",
	\\"module\\": \\"./lib/index.min.mjs\\",
	\\"name\\": \\"lint-i18n\\",
	\\"scripts\\": {
		\\"build\\": \\"cross-env NODE_ENV=production rollup -c rollup.config.js\\",
		\\"lint\\": \\"eslint ./src/**/*.ts ./test/**/*.ts\\",
		\\"lint:fix\\": \\"eslint ./src/**/*.ts ./test/**/*.ts --fix\\",
		\\"test\\": \\"jest --runInBand\\",
		\\"test:watch\\": \\"jest --runInBand --watch\\",
		\\"watch\\": \\"cross-env NODE_ENV=development rollup -c rollup.config.js --watch\\"
	},
	\\"types\\": \\"./lib/index.min.d.ts\\",
	\\"version\\": \\"1.0.0\\"
}"
`;

exports[`[tool] prettify Should prettify a simple object 1`] = `
"{
  \\"a\\": 1,
  \\"y\\": 20,
  \\"z\\": 10
}"
`;
